  BoardGameCanvas.cpp
  メモ: インクルード ファイル:  C:\Users\student3\Desktop\GitHub\BoardGameRPG\ProjectBGR\src\UI\Canvas\SceneCanvas\BoardGame\BoardGameCanvas.h
  メモ: インクルード ファイル:   C:\Users\student3\Desktop\GitHub\BoardGameRPG\ProjectBGR\src\UI\Canvas\SceneCanvas\BoardGame\../../UICanvasBase.h
  メモ: インクルード ファイル:    C:\Program Files\Microsoft Visual Studio\18\Community\VC\Tools\MSVC\14.51.36231\include\memory
  メモ: インクルード ファイル:     C:\Program Files\Microsoft Visual Studio\18\Community\VC\Tools\MSVC\14.51.36231\include\yvals_core.h
  メモ: インクルード ファイル:      C:\Program Files\Microsoft Visual Studio\18\Community\VC\Tools\MSVC\14.51.36231\include\vcruntime.h
  メモ: インクルード ファイル:       C:\Program Files\Microsoft Visual Studio\18\Community\VC\Tools\MSVC\14.51.36231\include\sal.h
  メモ: インクルード ファイル:        C:\Program Files\Microsoft Visual Studio\18\Community\VC\Tools\MSVC\14.51.36231\include\concurrencysal.h
  メモ: インクルード ファイル:       C:\Program Files\Microsoft Visual Studio\18\Community\VC\Tools\MSVC\14.51.36231\include\vadefs.h
  メモ: インクルード ファイル:      C:\Program Files\Microsoft Visual Studio\18\Community\VC\Tools\MSVC\14.51.36231\include\xkeycheck.h
  メモ: インクルード ファイル:     C:\Program Files\Microsoft Visual Studio\18\Community\VC\Tools\MSVC\14.51.36231\include\exception
  メモ: インクルード ファイル:      C:\Program Files\Microsoft Visual Studio\18\Community\VC\Tools\MSVC\14.51.36231\include\yvals.h
  メモ: インクルード ファイル:       C:\Program Files\Microsoft Visual Studio\18\Community\VC\Tools\MSVC\14.51.36231\include\__msvc_doom_core.hpp
  メモ: インクルード ファイル:       C:\Program Files (x86)\Windows Kits\10\Include\10.0.26100.0\ucrt\crtdbg.h
  メモ: インクルード ファイル:        C:\Program Files (x86)\Windows Kits\10\Include\10.0.26100.0\ucrt\corecrt.h
  メモ: インクルード ファイル:        C:\Program Files\Microsoft Visual Studio\18\Community\VC\Tools\MSVC\14.51.36231\include\vcruntime_new_debug.h
  メモ: インクルード ファイル:         C:\Program Files\Microsoft Visual Studio\18\Community\VC\Tools\MSVC\14.51.36231\include\vcruntime_new.h
  メモ: インクルード ファイル:       C:\Program Files\Microsoft Visual Studio\18\Community\VC\Tools\MSVC\14.51.36231\include\crtdefs.h
  メモ: インクルード ファイル:       C:\Program Files\Microsoft Visual Studio\18\Community\VC\Tools\MSVC\14.51.36231\include\use_ansi.h
  メモ: インクルード ファイル:      C:\Program Files\Microsoft Visual Studio\18\Community\VC\Tools\MSVC\14.51.36231\include\cstdlib
  メモ: インクルード ファイル:       C:\Program Files (x86)\Windows Kits\10\Include\10.0.26100.0\ucrt\math.h
  メモ: インクルード ファイル:        C:\Program Files (x86)\Windows Kits\10\Include\10.0.26100.0\ucrt\corecrt_math.h
  メモ: インクルード ファイル:       C:\Program Files (x86)\Windows Kits\10\Include\10.0.26100.0\ucrt\stdlib.h
  メモ: インクルード ファイル:        C:\Program Files (x86)\Windows Kits\10\Include\10.0.26100.0\ucrt\corecrt_malloc.h
  メモ: インクルード ファイル:        C:\Program Files (x86)\Windows Kits\10\Include\10.0.26100.0\ucrt\corecrt_search.h
  メモ: インクルード ファイル:         C:\Program Files (x86)\Windows Kits\10\Include\10.0.26100.0\ucrt\stddef.h
  メモ: インクルード ファイル:        C:\Program Files (x86)\Windows Kits\10\Include\10.0.26100.0\ucrt\corecrt_wstdlib.h
  メモ: インクルード ファイル:        C:\Program Files\Microsoft Visual Studio\18\Community\VC\Tools\MSVC\14.51.36231\include\limits.h
  メモ: インクルード ファイル:      C:\Program Files\Microsoft Visual Studio\18\Community\VC\Tools\MSVC\14.51.36231\include\type_traits
  メモ: インクルード ファイル:       C:\Program Files\Microsoft Visual Studio\18\Community\VC\Tools\MSVC\14.51.36231\include\cstddef
  メモ: インクルード ファイル:        C:\Program Files\Microsoft Visual Studio\18\Community\VC\Tools\MSVC\14.51.36231\include\xtr1common
  メモ: インクルード ファイル:       C:\Program Files\Microsoft Visual Studio\18\Community\VC\Tools\MSVC\14.51.36231\include\cstdint
  メモ: インクルード ファイル:        C:\Program Files\Microsoft Visual Studio\18\Community\VC\Tools\MSVC\14.51.36231\include\stdint.h
  メモ: インクルード ファイル:      C:\Program Files (x86)\Windows Kits\10\Include\10.0.26100.0\ucrt\malloc.h
  メモ: インクルード ファイル:      C:\Program Files\Microsoft Visual Studio\18\Community\VC\Tools\MSVC\14.51.36231\include\vcruntime_exception.h
  メモ: インクルード ファイル:       C:\Program Files\Microsoft Visual Studio\18\Community\VC\Tools\MSVC\14.51.36231\include\eh.h
  メモ: インクルード ファイル:        C:\Program Files (x86)\Windows Kits\10\Include\10.0.26100.0\ucrt\corecrt_terminate.h
  メモ: インクルード ファイル:     C:\Program Files\Microsoft Visual Studio\18\Community\VC\Tools\MSVC\14.51.36231\include\iosfwd
  メモ: インクルード ファイル:      C:\Program Files\Microsoft Visual Studio\18\Community\VC\Tools\MSVC\14.51.36231\include\cstdio
  メモ: インクルード ファイル:       C:\Program Files (x86)\Windows Kits\10\Include\10.0.26100.0\ucrt\stdio.h
  メモ: インクルード ファイル:        C:\Program Files (x86)\Windows Kits\10\Include\10.0.26100.0\ucrt\corecrt_wstdio.h
  メモ: インクルード ファイル:         C:\Program Files (x86)\Windows Kits\10\Include\10.0.26100.0\ucrt\corecrt_stdio_config.h
  メモ: インクルード ファイル:      C:\Program Files\Microsoft Visual Studio\18\Community\VC\Tools\MSVC\14.51.36231\include\cstring
  メモ: インクルード ファイル:       C:\Program Files (x86)\Windows Kits\10\Include\10.0.26100.0\ucrt\string.h
  メモ: インクルード ファイル:        C:\Program Files (x86)\Windows Kits\10\Include\10.0.26100.0\ucrt\corecrt_memory.h
  メモ: インクルード ファイル:         C:\Program Files (x86)\Windows Kits\10\Include\10.0.26100.0\ucrt\corecrt_memcpy_s.h
  メモ: インクルード ファイル:          C:\Program Files (x86)\Windows Kits\10\Include\10.0.26100.0\ucrt\errno.h
  メモ: インクルード ファイル:          C:\Program Files\Microsoft Visual Studio\18\Community\VC\Tools\MSVC\14.51.36231\include\vcruntime_string.h
  メモ: インクルード ファイル:        C:\Program Files (x86)\Windows Kits\10\Include\10.0.26100.0\ucrt\corecrt_wstring.h
  メモ: インクルード ファイル:      C:\Program Files\Microsoft Visual Studio\18\Community\VC\Tools\MSVC\14.51.36231\include\cwchar
  メモ: インクルード ファイル:       C:\Program Files (x86)\Windows Kits\10\Include\10.0.26100.0\ucrt\wchar.h
  メモ: インクルード ファイル:        C:\Program Files (x86)\Windows Kits\10\Include\10.0.26100.0\ucrt\corecrt_wconio.h
  メモ: インクルード ファイル:        C:\Program Files (x86)\Windows Kits\10\Include\10.0.26100.0\ucrt\corecrt_wctype.h
  メモ: インクルード ファイル:        C:\Program Files (x86)\Windows Kits\10\Include\10.0.26100.0\ucrt\corecrt_wdirect.h
  メモ: インクルード ファイル:        C:\Program Files (x86)\Windows Kits\10\Include\10.0.26100.0\ucrt\corecrt_wio.h
  メモ: インクルード ファイル:         C:\Program Files (x86)\Windows Kits\10\Include\10.0.26100.0\ucrt\corecrt_share.h
  メモ: インクルード ファイル:        C:\Program Files (x86)\Windows Kits\10\Include\10.0.26100.0\ucrt\corecrt_wprocess.h
  メモ: インクルード ファイル:        C:\Program Files (x86)\Windows Kits\10\Include\10.0.26100.0\ucrt\corecrt_wtime.h
  メモ: インクルード ファイル:        C:\Program Files (x86)\Windows Kits\10\Include\10.0.26100.0\ucrt\sys/stat.h
  メモ: インクルード ファイル:         C:\Program Files (x86)\Windows Kits\10\Include\10.0.26100.0\ucrt\sys/types.h
  メモ: インクルード ファイル:        C:\Program Files\Microsoft Visual Studio\18\Community\VC\Tools\MSVC\14.51.36231\include\intrin.h
  メモ: インクルード ファイル:         C:\Program Files\Microsoft Visual Studio\18\Community\VC\Tools\MSVC\14.51.36231\include\intrin0.inl.h
  メモ: インクルード ファイル:         C:\Program Files\Microsoft Visual Studio\18\Community\VC\Tools\MSVC\14.51.36231\include\setjmp.h
  メモ: インクルード ファイル:         C:\Program Files\Microsoft Visual Studio\18\Community\VC\Tools\MSVC\14.51.36231\include\immintrin.h
  メモ: インクルード ファイル:          C:\Program Files\Microsoft Visual Studio\18\Community\VC\Tools\MSVC\14.51.36231\include\wmmintrin.h
  メモ: インクルード ファイル:           C:\Program Files\Microsoft Visual Studio\18\Community\VC\Tools\MSVC\14.51.36231\include\nmmintrin.h
  メモ: インクルード ファイル:            C:\Program Files\Microsoft Visual Studio\18\Community\VC\Tools\MSVC\14.51.36231\include\smmintrin.h
  メモ: インクルード ファイル:             C:\Program Files\Microsoft Visual Studio\18\Community\VC\Tools\MSVC\14.51.36231\include\tmmintrin.h
  メモ: インクルード ファイル:              C:\Program Files\Microsoft Visual Studio\18\Community\VC\Tools\MSVC\14.51.36231\include\pmmintrin.h
  メモ: インクルード ファイル:               C:\Program Files\Microsoft Visual Studio\18\Community\VC\Tools\MSVC\14.51.36231\include\emmintrin.h
  メモ: インクルード ファイル:                C:\Program Files\Microsoft Visual Studio\18\Community\VC\Tools\MSVC\14.51.36231\include\xmmintrin.h
  メモ: インクルード ファイル:                 C:\Program Files\Microsoft Visual Studio\18\Community\VC\Tools\MSVC\14.51.36231\include\mmintrin.h
  メモ: インクルード ファイル:          C:\Program Files\Microsoft Visual Studio\18\Community\VC\Tools\MSVC\14.51.36231\include\zmmintrin.h
  メモ: インクルード ファイル:         C:\Program Files\Microsoft Visual Studio\18\Community\VC\Tools\MSVC\14.51.36231\include\ammintrin.h
  メモ: インクルード ファイル:     C:\Program Files\Microsoft Visual Studio\18\Community\VC\Tools\MSVC\14.51.36231\include\typeinfo
  メモ: インクルード ファイル:      C:\Program Files\Microsoft Visual Studio\18\Community\VC\Tools\MSVC\14.51.36231\include\vcruntime_typeinfo.h
  メモ: インクルード ファイル:     C:\Program Files\Microsoft Visual Studio\18\Community\VC\Tools\MSVC\14.51.36231\include\xmemory
  メモ: インクルード ファイル:      C:\Program Files\Microsoft Visual Studio\18\Community\VC\Tools\MSVC\14.51.36231\include\limits
  メモ: インクルード ファイル:       C:\Program Files\Microsoft Visual Studio\18\Community\VC\Tools\MSVC\14.51.36231\include\cfloat
  メモ: インクルード ファイル:        C:\Program Files (x86)\Windows Kits\10\Include\10.0.26100.0\ucrt\float.h
  メモ: インクルード ファイル:       C:\Program Files\Microsoft Visual Studio\18\Community\VC\Tools\MSVC\14.51.36231\include\climits
  メモ: インクルード ファイル:       C:\Program Files\Microsoft Visual Studio\18\Community\VC\Tools\MSVC\14.51.36231\include\intrin0.h
  メモ: インクルード ファイル:      C:\Program Files\Microsoft Visual Studio\18\Community\VC\Tools\MSVC\14.51.36231\include\new
  メモ: インクルード ファイル:      C:\Program Files\Microsoft Visual Studio\18\Community\VC\Tools\MSVC\14.51.36231\include\xatomic.h
  メモ: インクルード ファイル:      C:\Program Files\Microsoft Visual Studio\18\Community\VC\Tools\MSVC\14.51.36231\include\xutility
  メモ: インクルード ファイル:       C:\Program Files\Microsoft Visual Studio\18\Community\VC\Tools\MSVC\14.51.36231\include\__msvc_iter_core.hpp
  メモ: インクルード ファイル:        C:\Program Files\Microsoft Visual Studio\18\Community\VC\Tools\MSVC\14.51.36231\include\utility
  メモ: インクルード ファイル:         C:\Program Files\Microsoft Visual Studio\18\Community\VC\Tools\MSVC\14.51.36231\include\initializer_list
  メモ: インクルード ファイル:         C:\Program Files\Microsoft Visual Studio\18\Community\VC\Tools\MSVC\14.51.36231\include\compare
  メモ: インクルード ファイル:          C:\Program Files\Microsoft Visual Studio\18\Community\VC\Tools\MSVC\14.51.36231\include\concepts
  メモ: インクルード ファイル:      C:\Program Files\Microsoft Visual Studio\18\Community\VC\Tools\MSVC\14.51.36231\include\tuple
  メモ: インクルード ファイル:     C:\Program Files\Microsoft Visual Studio\18\Community\VC\Tools\MSVC\14.51.36231\include\atomic
  メモ: インクルード ファイル:      C:\Program Files\Microsoft Visual Studio\18\Community\VC\Tools\MSVC\14.51.36231\include\xthreads.h
  メモ: インクルード ファイル:       C:\Program Files\Microsoft Visual Studio\18\Community\VC\Tools\MSVC\14.51.36231\include\__msvc_threads_core.hpp
  メモ: インクルード ファイル:       C:\Program Files\Microsoft Visual Studio\18\Community\VC\Tools\MSVC\14.51.36231\include\xtimec.h
  メモ: インクルード ファイル:        C:\Program Files\Microsoft Visual Studio\18\Community\VC\Tools\MSVC\14.51.36231\include\ctime
  メモ: インクルード ファイル:         C:\Program Files (x86)\Windows Kits\10\Include\10.0.26100.0\ucrt\time.h
  メモ: インクルード ファイル:      C:\Program Files\Microsoft Visual Studio\18\Community\VC\Tools\MSVC\14.51.36231\include\xatomic_wait.h
  メモ: インクルード ファイル:    C:\Program Files\Microsoft Visual Studio\18\Community\VC\Tools\MSVC\14.51.36231\include\vector
  メモ: インクルード ファイル:     C:\Program Files\Microsoft Visual Studio\18\Community\VC\Tools\MSVC\14.51.36231\include\__msvc_bit_utils.hpp
  メモ: インクルード ファイル:     C:\Program Files\Microsoft Visual Studio\18\Community\VC\Tools\MSVC\14.51.36231\include\__msvc_sanitizer_annotate_container.hpp
  メモ: インクルード ファイル:     C:\Program Files\Microsoft Visual Studio\18\Community\VC\Tools\MSVC\14.51.36231\include\xpolymorphic_allocator.h
  メモ: インクルード ファイル:    C:\Users\student3\Desktop\GitHub\BoardGameRPG\ProjectBGR\src\UI\Canvas\../UIObject/UIObject.h
  メモ: インクルード ファイル:     C:\Users\student3\Desktop\GitHub\BoardGameRPG\ProjectBGR\src\Library\Vector\Vector2.h
  メモ: インクルード ファイル:      C:\Program Files\Microsoft Visual Studio\18\Community\VC\Tools\MSVC\14.51.36231\include\array
  メモ: インクルード ファイル:      C:\Program Files\Microsoft Visual Studio\18\Community\VC\Tools\MSVC\14.51.36231\include\cassert
  メモ: インクルード ファイル:       C:\Program Files (x86)\Windows Kits\10\Include\10.0.26100.0\ucrt\assert.h
  メモ: インクルード ファイル:   C:\Program Files\Microsoft Visual Studio\18\Community\VC\Tools\MSVC\14.51.36231\include\string
  メモ: インクルード ファイル:    C:\Program Files\Microsoft Visual Studio\18\Community\VC\Tools\MSVC\14.51.36231\include\xstring
  メモ: インクルード ファイル:     C:\Program Files\Microsoft Visual Studio\18\Community\VC\Tools\MSVC\14.51.36231\include\__msvc_string_view.hpp
  メモ: インクルード ファイル:    C:\Program Files\Microsoft Visual Studio\18\Community\VC\Tools\MSVC\14.51.36231\include\cctype
  メモ: インクルード ファイル:     C:\Program Files (x86)\Windows Kits\10\Include\10.0.26100.0\ucrt\ctype.h
  メモ: インクルード ファイル:  C:\Users\student3\Desktop\GitHub\BoardGameRPG\ProjectBGR\src\UI/UIObject/UIText/UIText.h
  メモ: インクルード ファイル:   C:\Users\student3\Desktop\GitHub\BoardGameRPG\ProjectBGR\src\UI\UIObject\UIText\Style/UITextStyle.h
  メモ: インクルード ファイル:  C:\Users\student3\Desktop\GitHub\BoardGameRPG\ProjectBGR\src\UI/UIObject/UIButton/UIButton.h
  メモ: インクルード ファイル:   C:\Users\student3\Desktop\GitHub\BoardGameRPG\ProjectBGR\src\UI\UIObject\UIButton\Style/UIButtonStyle.h
  メモ: インクルード ファイル:   C:\Program Files\Microsoft Visual Studio\18\Community\VC\Tools\MSVC\14.51.36231\include\functional
  メモ: インクルード ファイル:    C:\Program Files\Microsoft Visual Studio\18\Community\VC\Tools\MSVC\14.51.36231\include\unordered_map
  メモ: インクルード ファイル:     C:\Program Files\Microsoft Visual Studio\18\Community\VC\Tools\MSVC\14.51.36231\include\xhash
  メモ: インクルード ファイル:      C:\Program Files\Microsoft Visual Studio\18\Community\VC\Tools\MSVC\14.51.36231\include\cmath
  メモ: インクルード ファイル:      C:\Program Files\Microsoft Visual Studio\18\Community\VC\Tools\MSVC\14.51.36231\include\list
  メモ: インクルード ファイル:      C:\Program Files\Microsoft Visual Studio\18\Community\VC\Tools\MSVC\14.51.36231\include\xbit_ops.h
  メモ: インクルード ファイル:      C:\Program Files\Microsoft Visual Studio\18\Community\VC\Tools\MSVC\14.51.36231\include\xnode_handle.h
  メモ: インクルード ファイル:  C:\Users\student3\Desktop\GitHub\BoardGameRPG\ProjectBGR\src\UI/UIObject/UISprite/UISprite.h
  メモ: インクルード ファイル:  C:\Users\student3\Desktop\GitHub\BoardGameRPG\ProjectBGR\src\Data/Player/PlayerData.h
  メモ: インクルード ファイル:   C:\Users\student3\Desktop\GitHub\BoardGameRPG\ProjectBGR\src\Data\Player\../CharacterData.h
  メモ: インクルード ファイル:    C:\Users\student3\Desktop\GitHub\BoardGameRPG\ProjectBGR\src\Library\Vector\Vector3.h
  メモ: インクルード ファイル:     C:\Program Files\Microsoft Visual Studio\18\Community\VC\Tools\MSVC\14.51.36231\include\cassert
  メモ: インクルード ファイル:      C:\Program Files (x86)\Windows Kits\10\Include\10.0.26100.0\ucrt\assert.h
  メモ: インクルード ファイル:    C:\Users\student3\Desktop\GitHub\BoardGameRPG\ProjectBGR\src\Definition/CommonModule/Math/MyMath.h
C:\Users\student3\Desktop\GitHub\BoardGameRPG\ProjectBGR\src\Data\CharacterData.h(122,56): warning C4244: '=': 'int' から 'float' への変換です。データが失われる可能性があります。
  (ソース ファイル 'src/UI/Canvas/SceneCanvas/BoardGame/BoardGameCanvas.cpp' をコンパイルしています)
  
C:\Users\student3\Desktop\GitHub\BoardGameRPG\ProjectBGR\src\Data\CharacterData.h(122,76): warning C4244: '=': 'int' から 'float' への変換です。データが失われる可能性があります。
  (ソース ファイル 'src/UI/Canvas/SceneCanvas/BoardGame/BoardGameCanvas.cpp' をコンパイルしています)
  
C:\Users\student3\Desktop\GitHub\BoardGameRPG\ProjectBGR\src\Data\Player\PlayerData.h(52,29): warning C4114: 同じ型修飾子が 2 度以上使われています。
  (ソース ファイル 'src/UI/Canvas/SceneCanvas/BoardGame/BoardGameCanvas.cpp' をコンパイルしています)
  
C:\Users\student3\Desktop\GitHub\BoardGameRPG\ProjectBGR\src\Data\Player\PlayerData.h(82,49): warning C4267: 'return': 'size_t' から 'int' に変換しました。データが失われているかもしれません。
  (ソース ファイル 'src/UI/Canvas/SceneCanvas/BoardGame/BoardGameCanvas.cpp' をコンパイルしています)
  
C:\Users\student3\Desktop\GitHub\BoardGameRPG\ProjectBGR\src\Data\Player\PlayerData.h(90,51): warning C4267: 'return': 'size_t' から 'int' に変換しました。データが失われているかもしれません。
  (ソース ファイル 'src/UI/Canvas/SceneCanvas/BoardGame/BoardGameCanvas.cpp' をコンパイルしています)
  
  メモ: インクルード ファイル:  C:\Users\student3\Desktop\GitHub\BoardGameRPG\ProjectBGR\src\Manager/Data/ElementDataManager.h
  メモ: インクルード ファイル:   C:\Users\student3\Desktop\GitHub\BoardGameRPG\ProjectBGR\src\Manager\Data\../ManagerBase.h
  メモ: インクルード ファイル:   C:\Users\student3\Desktop\GitHub\BoardGameRPG\ProjectBGR\src\DesignPattern/Singleton/Singleton.h
  メモ: インクルード ファイル:   C:\Users\student3\Desktop\GitHub\BoardGameRPG\ProjectBGR\src\Definition/CommonModule/Json/MyJson.h
  メモ: インクルード ファイル:    C:\Users\student3\Desktop\GitHub\BoardGameRPG\ProjectBGR\src\ExternalLibrary/Json/json.hpp
  メモ: インクルード ファイル:     C:\Program Files\Microsoft Visual Studio\18\Community\VC\Tools\MSVC\14.51.36231\include\algorithm
  メモ: インクルード ファイル:      C:\Program Files\Microsoft Visual Studio\18\Community\VC\Tools\MSVC\14.51.36231\include\__msvc_heap_algorithms.hpp
  メモ: インクルード ファイル:      C:\Program Files\Microsoft Visual Studio\18\Community\VC\Tools\MSVC\14.51.36231\include\__msvc_int128.hpp
  メモ: インクルード ファイル:      C:\Program Files\Microsoft Visual Studio\18\Community\VC\Tools\MSVC\14.51.36231\include\__msvc_minmax.hpp
  メモ: インクルード ファイル:     C:\Program Files\Microsoft Visual Studio\18\Community\VC\Tools\MSVC\14.51.36231\include\iterator
  メモ: インクルード ファイル:     C:\Program Files\Microsoft Visual Studio\18\Community\VC\Tools\MSVC\14.51.36231\include\forward_list
  メモ: インクルード ファイル:     C:\Program Files\Microsoft Visual Studio\18\Community\VC\Tools\MSVC\14.51.36231\include\map
  メモ: インクルード ファイル:      C:\Program Files\Microsoft Visual Studio\18\Community\VC\Tools\MSVC\14.51.36231\include\xtree
  メモ: インクルード ファイル:     C:\Program Files\Microsoft Visual Studio\18\Community\VC\Tools\MSVC\14.51.36231\include\valarray
  メモ: インクルード ファイル:     C:\Program Files\Microsoft Visual Studio\18\Community\VC\Tools\MSVC\14.51.36231\include\stdexcept
  メモ: インクルード ファイル:     C:\Program Files\Microsoft Visual Studio\18\Community\VC\Tools\MSVC\14.51.36231\include\version
  メモ: インクルード ファイル:     C:\Program Files\Microsoft Visual Studio\18\Community\VC\Tools\MSVC\14.51.36231\include\cassert
  メモ: インクルード ファイル:      C:\Program Files (x86)\Windows Kits\10\Include\10.0.26100.0\ucrt\assert.h
  メモ: インクルード ファイル:     C:\Program Files\Microsoft Visual Studio\18\Community\VC\Tools\MSVC\14.51.36231\include\filesystem
  メモ: インクルード ファイル:      C:\Program Files\Microsoft Visual Studio\18\Community\VC\Tools\MSVC\14.51.36231\include\chrono
  メモ: インクルード ファイル:       C:\Program Files\Microsoft Visual Studio\18\Community\VC\Tools\MSVC\14.51.36231\include\__msvc_chrono.hpp
  メモ: インクルード ファイル:        C:\Program Files\Microsoft Visual Studio\18\Community\VC\Tools\MSVC\14.51.36231\include\ratio
  メモ: インクルード ファイル:       C:\Program Files\Microsoft Visual Studio\18\Community\VC\Tools\MSVC\14.51.36231\include\system_error
  メモ: インクルード ファイル:        C:\Program Files\Microsoft Visual Studio\18\Community\VC\Tools\MSVC\14.51.36231\include\__msvc_system_error_abi.hpp
  メモ: インクルード ファイル:        C:\Program Files\Microsoft Visual Studio\18\Community\VC\Tools\MSVC\14.51.36231\include\cerrno
  メモ: インクルード ファイル:        C:\Program Files\Microsoft Visual Studio\18\Community\VC\Tools\MSVC\14.51.36231\include\xcall_once.h
  メモ: インクルード ファイル:        C:\Program Files\Microsoft Visual Studio\18\Community\VC\Tools\MSVC\14.51.36231\include\xerrc.h
  メモ: インクルード ファイル:       C:\Program Files\Microsoft Visual Studio\18\Community\VC\Tools\MSVC\14.51.36231\include\xfilesystem_abi.h
  メモ: インクルード ファイル:       C:\Program Files\Microsoft Visual Studio\18\Community\VC\Tools\MSVC\14.51.36231\include\__msvc_tzdb.hpp
  メモ: インクルード ファイル:       C:\Program Files\Microsoft Visual Studio\18\Community\VC\Tools\MSVC\14.51.36231\include\format
  メモ: インクルード ファイル:        C:\Program Files\Microsoft Visual Studio\18\Community\VC\Tools\MSVC\14.51.36231\include\__msvc_format_ucd_tables.hpp
  メモ: インクルード ファイル:        C:\Program Files\Microsoft Visual Studio\18\Community\VC\Tools\MSVC\14.51.36231\include\__msvc_formatter.hpp
  メモ: インクルード ファイル:        C:\Program Files\Microsoft Visual Studio\18\Community\VC\Tools\MSVC\14.51.36231\include\__msvc_print.hpp
  メモ: インクルード ファイル:        C:\Program Files\Microsoft Visual Studio\18\Community\VC\Tools\MSVC\14.51.36231\include\__msvc_ranges_tuple_formatter.hpp
  メモ: インクルード ファイル:         C:\Program Files\Microsoft Visual Studio\18\Community\VC\Tools\MSVC\14.51.36231\include\bit
  メモ: インクルード ファイル:         C:\Program Files\Microsoft Visual Studio\18\Community\VC\Tools\MSVC\14.51.36231\include\xlocale
  メモ: インクルード ファイル:          C:\Program Files\Microsoft Visual Studio\18\Community\VC\Tools\MSVC\14.51.36231\include\xfacet
  メモ: インクルード ファイル:          C:\Program Files\Microsoft Visual Studio\18\Community\VC\Tools\MSVC\14.51.36231\include\xlocinfo
  メモ: インクルード ファイル:           C:\Program Files\Microsoft Visual Studio\18\Community\VC\Tools\MSVC\14.51.36231\include\__msvc_xlocinfo_types.hpp
  メモ: インクルード ファイル:           C:\Program Files\Microsoft Visual Studio\18\Community\VC\Tools\MSVC\14.51.36231\include\clocale
  メモ: インクルード ファイル:            C:\Program Files (x86)\Windows Kits\10\Include\10.0.26100.0\ucrt\locale.h
  メモ: インクルード ファイル:        C:\Program Files\Microsoft Visual Studio\18\Community\VC\Tools\MSVC\14.51.36231\include\charconv
  メモ: インクルード ファイル:         C:\Program Files\Microsoft Visual Studio\18\Community\VC\Tools\MSVC\14.51.36231\include\xcharconv.h
  メモ: インクルード ファイル:         C:\Program Files\Microsoft Visual Studio\18\Community\VC\Tools\MSVC\14.51.36231\include\xcharconv_ryu.h
  メモ: インクルード ファイル:          C:\Program Files\Microsoft Visual Studio\18\Community\VC\Tools\MSVC\14.51.36231\include\xcharconv_ryu_tables.h
  メモ: インクルード ファイル:         C:\Program Files\Microsoft Visual Studio\18\Community\VC\Tools\MSVC\14.51.36231\include\xcharconv_tables.h
  メモ: インクルード ファイル:        C:\Program Files\Microsoft Visual Studio\18\Community\VC\Tools\MSVC\14.51.36231\include\locale
  メモ: インクルード ファイル:         C:\Program Files\Microsoft Visual Studio\18\Community\VC\Tools\MSVC\14.51.36231\include\xlocbuf
  メモ: インクルード ファイル:          C:\Program Files\Microsoft Visual Studio\18\Community\VC\Tools\MSVC\14.51.36231\include\streambuf
  メモ: インクルード ファイル:           C:\Program Files\Microsoft Visual Studio\18\Community\VC\Tools\MSVC\14.51.36231\include\xiosbase
  メモ: インクルード ファイル:            C:\Program Files (x86)\Windows Kits\10\Include\10.0.26100.0\ucrt\share.h
  メモ: インクルード ファイル:         C:\Program Files\Microsoft Visual Studio\18\Community\VC\Tools\MSVC\14.51.36231\include\xlocmes
  メモ: インクルード ファイル:         C:\Program Files\Microsoft Visual Studio\18\Community\VC\Tools\MSVC\14.51.36231\include\xlocmon
  メモ: インクルード ファイル:          C:\Program Files\Microsoft Visual Studio\18\Community\VC\Tools\MSVC\14.51.36231\include\xlocnum
  メモ: インクルード ファイル:         C:\Program Files\Microsoft Visual Studio\18\Community\VC\Tools\MSVC\14.51.36231\include\xloctime
  メモ: インクルード ファイル:       C:\Program Files\Microsoft Visual Studio\18\Community\VC\Tools\MSVC\14.51.36231\include\iomanip
  メモ: インクルード ファイル:        C:\Program Files\Microsoft Visual Studio\18\Community\VC\Tools\MSVC\14.51.36231\include\istream
  メモ: インクルード ファイル:         C:\Program Files\Microsoft Visual Studio\18\Community\VC\Tools\MSVC\14.51.36231\include\__msvc_ostream.hpp
  メモ: インクルード ファイル:          C:\Program Files\Microsoft Visual Studio\18\Community\VC\Tools\MSVC\14.51.36231\include\ios
  メモ: インクルード ファイル:       C:\Program Files\Microsoft Visual Studio\18\Community\VC\Tools\MSVC\14.51.36231\include\optional
  メモ: インクルード ファイル:        C:\Program Files\Microsoft Visual Studio\18\Community\VC\Tools\MSVC\14.51.36231\include\xsmf_control.h
  メモ: インクルード ファイル:       C:\Program Files\Microsoft Visual Studio\18\Community\VC\Tools\MSVC\14.51.36231\include\sstream
  メモ: インクルード ファイル:     C:\Program Files\Microsoft Visual Studio\18\Community\VC\Tools\MSVC\14.51.36231\include\string_view
  メモ: インクルード ファイル:     C:\Program Files\Microsoft Visual Studio\18\Community\VC\Tools\MSVC\14.51.36231\include\ranges
  メモ: インクルード ファイル:      C:\Program Files\Microsoft Visual Studio\18\Community\VC\Tools\MSVC\14.51.36231\include\__msvc_ranges_to.hpp
  メモ: インクルード ファイル:      C:\Program Files\Microsoft Visual Studio\18\Community\VC\Tools\MSVC\14.51.36231\include\span
  メモ: インクルード ファイル:     C:\Program Files\Microsoft Visual Studio\18\Community\VC\Tools\MSVC\14.51.36231\include\numeric
  メモ: インクルード ファイル:     C:\Program Files\Microsoft Visual Studio\18\Community\VC\Tools\MSVC\14.51.36231\include\ostream
  メモ: インクルード ファイル:     C:\Program Files\Microsoft Visual Studio\18\Community\VC\Tools\MSVC\14.51.36231\include\any
C:\Users\student3\Desktop\GitHub\BoardGameRPG\ProjectBGR\src\Manager\Data\ElementDataManager.h(58,51): warning C4267: 'return': 'size_t' から 'int' に変換しました。データが失われているかもしれません。
  (ソース ファイル 'src/UI/Canvas/SceneCanvas/BoardGame/BoardGameCanvas.cpp' をコンパイルしています)
  
C:\Users\student3\Desktop\GitHub\BoardGameRPG\ProjectBGR\src\Manager\Data\ElementDataManager.h(65,53): warning C4267: 'return': 'size_t' から 'int' に変換しました。データが失われているかもしれません。
  (ソース ファイル 'src/UI/Canvas/SceneCanvas/BoardGame/BoardGameCanvas.cpp' をコンパイルしています)
  
C:\Users\student3\Desktop\GitHub\BoardGameRPG\ProjectBGR\src\Manager\Data\ElementDataManager.h(72,53): warning C4267: 'return': 'size_t' から 'int' に変換しました。データが失われているかもしれません。
  (ソース ファイル 'src/UI/Canvas/SceneCanvas/BoardGame/BoardGameCanvas.cpp' をコンパイルしています)
  
C:\Users\student3\Desktop\GitHub\BoardGameRPG\ProjectBGR\src\UI\Canvas\SceneCanvas\BoardGame\BoardGameCanvas.cpp(66,9): warning C4244: '初期化中': 'float' から 'int' への変換です。データが失われる可能性があります。
C:\Users\student3\Desktop\GitHub\BoardGameRPG\ProjectBGR\src\UI\Canvas\SceneCanvas\BoardGame\BoardGameCanvas.cpp(67,9): warning C4244: '初期化中': 'float' から 'int' への変換です。データが失われる可能性があります。
C:\Users\student3\Desktop\GitHub\BoardGameRPG\ProjectBGR\src\UI\Canvas\SceneCanvas\BoardGame\BoardGameCanvas.cpp(126,9): warning C4244: '初期化中': 'float' から 'int' への変換です。データが失われる可能性があります。
C:\Users\student3\Desktop\GitHub\BoardGameRPG\ProjectBGR\src\UI\Canvas\SceneCanvas\BoardGame\BoardGameCanvas.cpp(127,9): warning C4244: '初期化中': 'float' から 'int' への変換です。データが失われる可能性があります。
C:\Program Files\Microsoft Visual Studio\18\Community\VC\Tools\MSVC\14.51.36231\include\memory(3666,56): warning C4244: '引数': '_Ty' から 'float' への変換です。データが失われる可能性があります。
C:\Program Files\Microsoft Visual Studio\18\Community\VC\Tools\MSVC\14.51.36231\include\memory(3666,56): warning C4244:         with
C:\Program Files\Microsoft Visual Studio\18\Community\VC\Tools\MSVC\14.51.36231\include\memory(3666,56): warning C4244:         [
C:\Program Files\Microsoft Visual Studio\18\Community\VC\Tools\MSVC\14.51.36231\include\memory(3666,56): warning C4244:             _Ty=int
C:\Program Files\Microsoft Visual Studio\18\Community\VC\Tools\MSVC\14.51.36231\include\memory(3666,56): warning C4244:         ]
  (ソース ファイル 'src/UI/Canvas/SceneCanvas/BoardGame/BoardGameCanvas.cpp' をコンパイルしています)
      C:\Program Files\Microsoft Visual Studio\18\Community\VC\Tools\MSVC\14.51.36231\include\memory(3666,56):
      テンプレートインスタンス化コンテキスト (最初に最も古いもの) は
          C:\Users\student3\Desktop\GitHub\BoardGameRPG\ProjectBGR\src\UI\Canvas\SceneCanvas\BoardGame\BoardGameCanvas.cpp(16,14):
          コンパイル対象の関数 テンプレート インスタンス化 'T *UICanvasBase::Instantiate<UISprite,int,Vector2,int,int>(int &&,Vector2 &&,int &&,int &&)' のリファレンスを確認してください
          with
          [
              T=UISprite
          ]
          C:\Users\student3\Desktop\GitHub\BoardGameRPG\ProjectBGR\src\UI\Canvas\UICanvasBase.h(48,17):
          コンパイル対象の関数 テンプレート インスタンス化 'std::unique_ptr<UISprite,std::default_delete<UISprite>> std::make_unique<UISprite,_Ty,Vector2,_Ty,_Ty,0>(_Ty &&,Vector2 &&,_Ty &&,_Ty &&)' のリファレンスを確認してください
          with
          [
              _Ty=int
          ]
  
  ProjectBGR.vcxproj -> C:\Users\student3\Desktop\GitHub\BoardGameRPG\ProjectBGR\x64\Debug\ProjectBGR.exe
